// Jest Snapshot v1, https://goo.gl/fbAQLP

exports[`Directions Marks a sprite when it wants to move 1`] = `
Array [
  Array [
    Array [
      "Player",
    ],
    Array [
      "Background",
    ],
  ],
]
`;
